Archive member included to satisfy reference by file (symbol)

c:/st/stm32cubeide_1.7.0/stm32cubeide/plugins/com.st.stm32cube.ide.mcu.externaltools.gnu-tools-for-stm32.9-2020-q2-update.win32_2.0.0.202105311346/tools/bin/../lib/gcc/arm-none-eabi/9.3.1/../../../../arm-none-eabi/lib/thumb/v7-m/nofp\libc_nano.a(lib_a-errno.o)
                              ./Core/Src/syscalls.o (__errno)
c:/st/stm32cubeide_1.7.0/stm32cubeide/plugins/com.st.stm32cube.ide.mcu.externaltools.gnu-tools-for-stm32.9-2020-q2-update.win32_2.0.0.202105311346/tools/bin/../lib/gcc/arm-none-eabi/9.3.1/../../../../arm-none-eabi/lib/thumb/v7-m/nofp\libc_nano.a(lib_a-exit.o)
                              c:/st/stm32cubeide_1.7.0/stm32cubeide/plugins/com.st.stm32cube.ide.mcu.externaltools.gnu-tools-for-stm32.9-2020-q2-update.win32_2.0.0.202105311346/tools/bin/../lib/gcc/arm-none-eabi/9.3.1/../../../../arm-none-eabi/lib/thumb/v7-m/nofp/crt0.o (exit)
c:/st/stm32cubeide_1.7.0/stm32cubeide/plugins/com.st.stm32cube.ide.mcu.externaltools.gnu-tools-for-stm32.9-2020-q2-update.win32_2.0.0.202105311346/tools/bin/../lib/gcc/arm-none-eabi/9.3.1/../../../../arm-none-eabi/lib/thumb/v7-m/nofp\libc_nano.a(lib_a-impure.o)
                              c:/st/stm32cubeide_1.7.0/stm32cubeide/plugins/com.st.stm32cube.ide.mcu.externaltools.gnu-tools-for-stm32.9-2020-q2-update.win32_2.0.0.202105311346/tools/bin/../lib/gcc/arm-none-eabi/9.3.1/../../../../arm-none-eabi/lib/thumb/v7-m/nofp\libc_nano.a(lib_a-exit.o) (_global_impure_ptr)
c:/st/stm32cubeide_1.7.0/stm32cubeide/plugins/com.st.stm32cube.ide.mcu.externaltools.gnu-tools-for-stm32.9-2020-q2-update.win32_2.0.0.202105311346/tools/bin/../lib/gcc/arm-none-eabi/9.3.1/../../../../arm-none-eabi/lib/thumb/v7-m/nofp\libc_nano.a(lib_a-init.o)
                              c:/st/stm32cubeide_1.7.0/stm32cubeide/plugins/com.st.stm32cube.ide.mcu.externaltools.gnu-tools-for-stm32.9-2020-q2-update.win32_2.0.0.202105311346/tools/bin/../lib/gcc/arm-none-eabi/9.3.1/../../../../arm-none-eabi/lib/thumb/v7-m/nofp/crt0.o (__libc_init_array)
c:/st/stm32cubeide_1.7.0/stm32cubeide/plugins/com.st.stm32cube.ide.mcu.externaltools.gnu-tools-for-stm32.9-2020-q2-update.win32_2.0.0.202105311346/tools/bin/../lib/gcc/arm-none-eabi/9.3.1/../../../../arm-none-eabi/lib/thumb/v7-m/nofp\libc_nano.a(lib_a-memset.o)
                              c:/st/stm32cubeide_1.7.0/stm32cubeide/plugins/com.st.stm32cube.ide.mcu.externaltools.gnu-tools-for-stm32.9-2020-q2-update.win32_2.0.0.202105311346/tools/bin/../lib/gcc/arm-none-eabi/9.3.1/../../../../arm-none-eabi/lib/thumb/v7-m/nofp/crt0.o (memset)

Allocating common symbols
Common symbol       size              file

current_state       0x4               ./Core/Src/global.o
uwTick              0x4               ./Drivers/STM32F1xx_HAL_Driver/Src/stm32f1xx_hal.o
pFlash              0x20              ./Drivers/STM32F1xx_HAL_Driver/Src/stm32f1xx_hal_flash.o
htim2               0x48              ./Core/Src/main.o

Discarded input sections

 .text          0x0000000000000000        0x0 c:/st/stm32cubeide_1.7.0/stm32cubeide/plugins/com.st.stm32cube.ide.mcu.externaltools.gnu-tools-for-stm32.9-2020-q2-update.win32_2.0.0.202105311346/tools/bin/../lib/gcc/arm-none-eabi/9.3.1/thumb/v7-m/nofp/crti.o
 .data          0x0000000000000000        0x0 c:/st/stm32cubeide_1.7.0/stm32cubeide/plugins/com.st.stm32cube.ide.mcu.externaltools.gnu-tools-for-stm32.9-2020-q2-update.win32_2.0.0.202105311346/tools/bin/../lib/gcc/arm-none-eabi/9.3.1/thumb/v7-m/nofp/crti.o
 .bss           0x0000000000000000        0x0 c:/st/stm32cubeide_1.7.0/stm32cubeide/plugins/com.st.stm32cube.ide.mcu.externaltools.gnu-tools-for-stm32.9-2020-q2-update.win32_2.0.0.202105311346/tools/bin/../lib/gcc/arm-none-eabi/9.3.1/thumb/v7-m/nofp/crti.o
 .data          0x0000000000000000        0x4 c:/st/stm32cubeide_1.7.0/stm32cubeide/plugins/com.st.stm32cube.ide.mcu.externaltools.gnu-tools-for-stm32.9-2020-q2-update.win32_2.0.0.202105311346/tools/bin/../lib/gcc/arm-none-eabi/9.3.1/thumb/v7-m/nofp/crtbegin.o
 .text          0x0000000000000000       0x7c c:/st/stm32cubeide_1.7.0/stm32cubeide/plugins/com.st.stm32cube.ide.mcu.externaltools.gnu-tools-for-stm32.9-2020-q2-update.win32_2.0.0.202105311346/tools/bin/../lib/gcc/arm-none-eabi/9.3.1/../../../../arm-none-eabi/lib/thumb/v7-m/nofp/crt0.o
 .data          0x0000000000000000        0x0 c:/st/stm32cubeide_1.7.0/stm32cubeide/plugins/com.st.stm32cube.ide.mcu.externaltools.gnu-tools-for-stm32.9-2020-q2-update.win32_2.0.0.202105311346/tools/bin/../lib/gcc/arm-none-eabi/9.3.1/../../../../arm-none-eabi/lib/thumb/v7-m/nofp/crt0.o
 .bss           0x0000000000000000        0x0 c:/st/stm32cubeide_1.7.0/stm32cubeide/plugins/com.st.stm32cube.ide.mcu.externaltools.gnu-tools-for-stm32.9-2020-q2-update.win32_2.0.0.202105311346/tools/bin/../lib/gcc/arm-none-eabi/9.3.1/../../../../arm-none-eabi/lib/thumb/v7-m/nofp/crt0.o
[...]
Memory Configuration

Name             Origin             Length             Attributes
RAM              0x0000000020000000 0x0000000000002800 xrw
FLASH            0x0000000008000000 0x0000000000008000 xr
*default*        0x0000000000000000 0xffffffffffffffff

Linker script and memory map

LOAD c:/st/stm32cubeide_1.7.0/stm32cubeide/plugins/com.st.stm32cube.ide.mcu.externaltools.gnu-tools-for-stm32.9-2020-q2-update.win32_2.0.0.202105311346/tools/bin/../lib/gcc/arm-none-eabi/9.3.1/thumb/v7-m/nofp/crti.o
LOAD c:/st/stm32cubeide_1.7.0/stm32cubeide/plugins/com.st.stm32cube.ide.mcu.externaltools.gnu-tools-for-stm32.9-2020-q2-update.win32_2.0.0.202105311346/tools/bin/../lib/gcc/arm-none-eabi/9.3.1/thumb/v7-m/nofp/crtbegin.o
LOAD c:/st/stm32cubeide_1.7.0/stm32cubeide/plugins/com.st.stm32cube.ide.mcu.externaltools.gnu-tools-for-stm32.9-2020-q2-update.win32_2.0.0.202105311346/tools/bin/../lib/gcc/arm-none-eabi/9.3.1/../../../../arm-none-eabi/lib/thumb/v7-m/nofp/crt0.o
LOAD ./Core/Src/display7SEG.o
LOAD ./Core/Src/fsm_mode1.o
LOAD ./Core/Src/fsm_mode2.o
LOAD ./Core/Src/fsm_mode3.o
LOAD ./Core/Src/fsm_mode4.o
LOAD ./Core/Src/global.o
LOAD ./Core/Src/input_reading.o
LOAD ./Core/Src/main.o
LOAD ./Core/Src/software_timer.o
LOAD ./Core/Src/stm32f1xx_hal_msp.o
LOAD ./Core/Src/stm32f1xx_it.o
LOAD ./Core/Src/syscalls.o
LOAD ./Core/Src/sysmem.o
LOAD ./Core/Src/system_stm32f1xx.o
LOAD ./Core/Startup/startup_stm32f103c6ux.o
LOAD ./Drivers/STM32F1xx_HAL_Driver/Src/stm32f1xx_hal.o
LOAD ./Drivers/STM32F1xx_HAL_Driver/Src/stm32f1xx_hal_cortex.o
LOAD ./Drivers/STM32F1xx_HAL_Driver/Src/stm32f1xx_hal_dma.o
LOAD ./Drivers/STM32F1xx_HAL_Driver/Src/stm32f1xx_hal_exti.o
LOAD ./Drivers/STM32F1xx_HAL_Driver/Src/stm32f1xx_hal_flash.o
LOAD ./Drivers/STM32F1xx_HAL_Driver/Src/stm32f1xx_hal_flash_ex.o
LOAD ./Drivers/STM32F1xx_HAL_Driver/Src/stm32f1xx_hal_gpio.o
LOAD ./Drivers/STM32F1xx_HAL_Driver/Src/stm32f1xx_hal_gpio_ex.o
LOAD ./Drivers/STM32F1xx_HAL_Driver/Src/stm32f1xx_hal_pwr.o
LOAD ./Drivers/STM32F1xx_HAL_Driver/Src/stm32f1xx_hal_rcc.o
LOAD ./Drivers/STM32F1xx_HAL_Driver/Src/stm32f1xx_hal_rcc_ex.o
LOAD ./Drivers/STM32F1xx_HAL_Driver/Src/stm32f1xx_hal_tim.o
LOAD ./Drivers/STM32F1xx_HAL_Driver/Src/stm32f1xx_hal_tim_ex.o
START GROUP
LOAD c:/st/stm32cubeide_1.7.0/stm32cubeide/plugins/com.st.stm32cube.ide.mcu.externaltools.gnu-tools-for-stm32.9-2020-q2-update.win32_2.0.0.202105311346/tools/bin/../lib/gcc/arm-none-eabi/9.3.1/../../../../arm-none-eabi/lib/thumb/v7-m/nofp\libc_nano.a
LOAD c:/st/stm32cubeide_1.7.0/stm32cubeide/plugins/com.st.stm32cube.ide.mcu.externaltools.gnu-tools-for-stm32.9-2020-q2-update.win32_2.0.0.202105311346/tools/bin/../lib/gcc/arm-none-eabi/9.3.1/../../../../arm-none-eabi/lib/thumb/v7-m/nofp\libm.a
END GROUP
START GROUP
LOAD c:/st/stm32cubeide_1.7.0/stm32cubeide/plugins/com.st.stm32cube.ide.mcu.externaltools.gnu-tools-for-stm32.9-2020-q2-update.win32_2.0.0.202105311346/tools/bin/../lib/gcc/arm-none-eabi/9.3.1/thumb/v7-m/nofp\libgcc.a
LOAD c:/st/stm32cubeide_1.7.0/stm32cubeide/plugins/com.st.stm32cube.ide.mcu.externaltools.gnu-tools-for-stm32.9-2020-q2-update.win32_2.0.0.202105311346/tools/bin/../lib/gcc/arm-none-eabi/9.3.1/../../../../arm-none-eabi/lib/thumb/v7-m/nofp\libc_nano.a
END GROUP
START GROUP
LOAD c:/st/stm32cubeide_1.7.0/stm32cubeide/plugins/com.st.stm32cube.ide.mcu.externaltools.gnu-tools-for-stm32.9-2020-q2-update.win32_2.0.0.202105311346/tools/bin/../lib/gcc/arm-none-eabi/9.3.1/thumb/v7-m/nofp\libgcc.a
LOAD c:/st/stm32cubeide_1.7.0/stm32cubeide/plugins/com.st.stm32cube.ide.mcu.externaltools.gnu-tools-for-stm32.9-2020-q2-update.win32_2.0.0.202105311346/tools/bin/../lib/gcc/arm-none-eabi/9.3.1/../../../../arm-none-eabi/lib/thumb/v7-m/nofp\libc_nano.a
LOAD c:/st/stm32cubeide_1.7.0/stm32cubeide/plugins/com.st.stm32cube.ide.mcu.externaltools.gnu-tools-for-stm32.9-2020-q2-update.win32_2.0.0.202105311346/tools/bin/../lib/gcc/arm-none-eabi/9.3.1/../../../../arm-none-eabi/lib/thumb/v7-m/nofp\libnosys.a
END GROUP
START GROUP
LOAD c:/st/stm32cubeide_1.7.0/stm32cubeide/plugins/com.st.stm32cube.ide.mcu.externaltools.gnu-tools-for-stm32.9-2020-q2-update.win32_2.0.0.202105311346/tools/bin/../lib/gcc/arm-none-eabi/9.3.1/thumb/v7-m/nofp\libgcc.a
LOAD c:/st/stm32cubeide_1.7.0/stm32cubeide/plugins/com.st.stm32cube.ide.mcu.externaltools.gnu-tools-for-stm32.9-2020-q2-update.win32_2.0.0.202105311346/tools/bin/../lib/gcc/arm-none-eabi/9.3.1/../../../../arm-none-eabi/lib/thumb/v7-m/nofp\libc_nano.a
LOAD c:/st/stm32cubeide_1.7.0/stm32cubeide/plugins/com.st.stm32cube.ide.mcu.externaltools.gnu-tools-for-stm32.9-2020-q2-update.win32_2.0.0.202105311346/tools/bin/../lib/gcc/arm-none-eabi/9.3.1/../../../../arm-none-eabi/lib/thumb/v7-m/nofp\libnosys.a
END GROUP
LOAD c:/st/stm32cubeide_1.7.0/stm32cubeide/plugins/com.st.stm32cube.ide.mcu.externaltools.gnu-tools-for-stm32.9-2020-q2-update.win32_2.0.0.202105311346/tools/bin/../lib/gcc/arm-none-eabi/9.3.1/thumb/v7-m/nofp/crtend.o
LOAD c:/st/stm32cubeide_1.7.0/stm32cubeide/plugins/com.st.stm32cube.ide.mcu.externaltools.gnu-tools-for-stm32.9-2020-q2-update.win32_2.0.0.202105311346/tools/bin/../lib/gcc/arm-none-eabi/9.3.1/thumb/v7-m/nofp/crtn.o
                0x0000000020002800                _estack = (ORIGIN (RAM) + LENGTH (RAM))
                0x0000000000000200                _Min_Heap_Size = 0x200
                0x0000000000000400                _Min_Stack_Size = 0x400

.isr_vector     0x0000000008000000      0x10c
                0x0000000008000000                . = ALIGN (0x4)
 *(.isr_vector)
 .isr_vector    0x0000000008000000      0x10c ./Core/Startup/startup_stm32f103c6ux.o
                0x0000000008000000                g_pfnVectors
                0x000000000800010c                . = ALIGN (0x4)

.text           0x000000000800010c     0x2760
                0x000000000800010c                . = ALIGN (0x4)
 *(.text)
 .text          0x000000000800010c       0x40 c:/st/stm32cubeide_1.7.0/stm32cubeide/plugins/com.st.stm32cube.ide.mcu.externaltools.gnu-tools-for-stm32.9-2020-q2-update.win32_2.0.0.202105311346/tools/bin/../lib/gcc/arm-none-eabi/9.3.1/thumb/v7-m/nofp/crtbegin.o
 *(.text*)
 .text.display7SEG
                0x000000000800014c       0x64 ./Core/Src/display7SEG.o
                0x000000000800014c                display7SEG
 .text.clear_led_7seg
                0x00000000080001b0       0x18 ./Core/Src/display7SEG.o
                0x00000000080001b0                clear_led_7seg
 .text.update7SEG_mode_1
                0x00000000080001c8      0x2d4 ./Core/Src/display7SEG.o
                0x00000000080001c8                update7SEG_mode_1
 .text.update7SEG_mode_234
                0x000000000800049c       0xfc ./Core/Src/display7SEG.o
                0x000000000800049c                update7SEG_mode_234
 .text.fsm_mode1
                0x0000000008000598      0x1c0 ./Core/Src/fsm_mode1.o
                0x0000000008000598                fsm_mode1
 .text.fsm_mode2
                0x0000000008000758       0xd4 ./Core/Src/fsm_mode2.o
                0x0000000008000758                fsm_mode2
 .text.fsm_mode3
                0x000000000800082c       0xd4 ./Core/Src/fsm_mode3.o
                0x000000000800082c                fsm_mode3
 .text.fsm_mode4
                0x0000000008000900      0x110 ./Core/Src/fsm_mode4.o
                0x0000000008000900                fsm_mode4
 .text.clear_led_red_amber_green
                0x0000000008000a10       0x18 ./Core/Src/global.o
                0x0000000008000a10                clear_led_red_amber_green
 .text.isButton1Pressed
                0x0000000008000a28       0x24 ./Core/Src/input_reading.o
                0x0000000008000a28                isButton1Pressed
 .text.isButton2Pressed
                0x0000000008000a4c       0x24 ./Core/Src/input_reading.o
                0x0000000008000a4c                isButton2Pressed
 .text.isButton3Pressed
                0x0000000008000a70       0x24 ./Core/Src/input_reading.o
                0x0000000008000a70                isButton3Pressed
 .text.subKeyProcess1
                0x0000000008000a94       0x18 ./Core/Src/input_reading.o
                0x0000000008000a94                subKeyProcess1
 .text.subKeyProcess2
                0x0000000008000aac       0x18 ./Core/Src/input_reading.o
                0x0000000008000aac                subKeyProcess2
 .text.subKeyProcess3
                0x0000000008000ac4       0x18 ./Core/Src/input_reading.o
                0x0000000008000ac4                subKeyProcess3
 .text.getKeyInput
                0x0000000008000adc      0x1c4 ./Core/Src/input_reading.o
                0x0000000008000adc                getKeyInput
 .text.main     0x0000000008000ca0       0x78 ./Core/Src/main.o
                0x0000000008000ca0                main
 .text.SystemClock_Config
                0x0000000008000d18       0x76 ./Core/Src/main.o
                0x0000000008000d18                SystemClock_Config
 *fill*         0x0000000008000d8e        0x2 
 .text.MX_TIM2_Init
                0x0000000008000d90       0x98 ./Core/Src/main.o
 .text.MX_GPIO_Init
                0x0000000008000e28       0xe0 ./Core/Src/main.o
 .text.HAL_TIM_PeriodElapsedCallback
                0x0000000008000f08       0x18 ./Core/Src/main.o
                0x0000000008000f08                HAL_TIM_PeriodElapsedCallback
 .text.Error_Handler
                0x0000000008000f20        0xa ./Core/Src/main.o
                0x0000000008000f20                Error_Handler
 *fill*         0x0000000008000f2a        0x2 
 .text.setTimer1
                0x0000000008000f2c       0x34 ./Core/Src/software_timer.o
                0x0000000008000f2c                setTimer1
 .text.setTimer2
                0x0000000008000f60       0x34 ./Core/Src/software_timer.o
                0x0000000008000f60                setTimer2
 .text.setTimer3
                0x0000000008000f94       0x34 ./Core/Src/software_timer.o
                0x0000000008000f94                setTimer3
 .text.setTimer4
                0x0000000008000fc8       0x34 ./Core/Src/software_timer.o
                0x0000000008000fc8                setTimer4
 .text.timeRun  0x0000000008000ffc       0xac ./Core/Src/software_timer.o
                0x0000000008000ffc                timeRun
 .text.HAL_MspInit
                0x00000000080010a8       0x64 ./Core/Src/stm32f1xx_hal_msp.o
                0x00000000080010a8                HAL_MspInit
 .text.HAL_TIM_Base_MspInit
                0x000000000800110c       0x48 ./Core/Src/stm32f1xx_hal_msp.o
                0x000000000800110c                HAL_TIM_Base_MspInit
 .text.NMI_Handler
                0x0000000008001154        0x6 ./Core/Src/stm32f1xx_it.o
                0x0000000008001154                NMI_Handler
 .text.HardFault_Handler
                0x000000000800115a        0x6 ./Core/Src/stm32f1xx_it.o
                0x000000000800115a                HardFault_Handler
 .text.MemManage_Handler
                0x0000000008001160        0x6 ./Core/Src/stm32f1xx_it.o
                0x0000000008001160                MemManage_Handler
 .text.BusFault_Handler
                0x0000000008001166        0x6 ./Core/Src/stm32f1xx_it.o
                0x0000000008001166                BusFault_Handler
 .text.UsageFault_Handler
                0x000000000800116c        0x6 ./Core/Src/stm32f1xx_it.o
                0x000000000800116c                UsageFault_Handler
 .text.SVC_Handler
                0x0000000008001172        0xc ./Core/Src/stm32f1xx_it.o
                0x0000000008001172                SVC_Handler
 .text.DebugMon_Handler
                0x000000000800117e        0xc ./Core/Src/stm32f1xx_it.o
                0x000000000800117e                DebugMon_Handler
 .text.PendSV_Handler
                0x000000000800118a        0xc ./Core/Src/stm32f1xx_it.o
                0x000000000800118a                PendSV_Handler
 .text.SysTick_Handler
                0x0000000008001196        0xc ./Core/Src/stm32f1xx_it.o
                0x0000000008001196                SysTick_Handler
 *fill*         0x00000000080011a2        0x2 
 .text.TIM2_IRQHandler
                0x00000000080011a4       0x14 ./Core/Src/stm32f1xx_it.o
                0x00000000080011a4                TIM2_IRQHandler
 .text.SystemInit
                0x00000000080011b8        0xc ./Core/Src/system_stm32f1xx.o
                0x00000000080011b8                SystemInit
 .text.Reset_Handler
                0x00000000080011c4       0x48 ./Core/Startup/startup_stm32f103c6ux.o
                0x00000000080011c4                Reset_Handler
 .text.Default_Handler
                0x000000000800120c        0x2 ./Core/Startup/startup_stm32f103c6ux.o
                0x000000000800120c                RTC_Alarm_IRQHandler
                0x000000000800120c                EXTI2_IRQHandler
                0x000000000800120c                TIM1_CC_IRQHandler
                0x000000000800120c                PVD_IRQHandler
                0x000000000800120c                EXTI3_IRQHandler
                0x000000000800120c                EXTI0_IRQHandler
                0x000000000800120c                ADC1_2_IRQHandler
                0x000000000800120c                SPI1_IRQHandler
                0x000000000800120c                TAMPER_IRQHandler
                0x000000000800120c                DMA1_Channel4_IRQHandler
                0x000000000800120c                RTC_IRQHandler
                0x000000000800120c                DMA1_Channel7_IRQHandler
                0x000000000800120c                CAN1_RX1_IRQHandler
                0x000000000800120c                I2C1_EV_IRQHandler
                0x000000000800120c                DMA1_Channel6_IRQHandler
                0x000000000800120c                TIM3_IRQHandler
                0x000000000800120c                RCC_IRQHandler
                0x000000000800120c                TIM1_TRG_COM_IRQHandler
                0x000000000800120c                DMA1_Channel1_IRQHandler
                0x000000000800120c                Default_Handler
                0x000000000800120c                EXTI15_10_IRQHandler
                0x000000000800120c                EXTI9_5_IRQHandler
                0x000000000800120c                DMA1_Channel5_IRQHandler
                0x000000000800120c                EXTI4_IRQHandler
                0x000000000800120c                USB_LP_CAN1_RX0_IRQHandler
                0x000000000800120c                USB_HP_CAN1_TX_IRQHandler
                0x000000000800120c                DMA1_Channel3_IRQHandler
                0x000000000800120c                TIM1_UP_IRQHandler
                0x000000000800120c                WWDG_IRQHandler
                0x000000000800120c                TIM1_BRK_IRQHandler
                0x000000000800120c                EXTI1_IRQHandler
                0x000000000800120c                USART2_IRQHandler
                0x000000000800120c                DMA1_Channel2_IRQHandler
                0x000000000800120c                CAN1_SCE_IRQHandler
                0x000000000800120c                FLASH_IRQHandler
                0x000000000800120c                USART1_IRQHandler
                0x000000000800120c                I2C1_ER_IRQHandler
                0x000000000800120c                USBWakeUp_IRQHandler
 *fill*         0x000000000800120e        0x2 
 .text.HAL_Init
                0x0000000008001210       0x2c ./Drivers/STM32F1xx_HAL_Driver/Src/stm32f1xx_hal.o
                0x0000000008001210                HAL_Init
 .text.HAL_InitTick
                0x000000000800123c       0x60 ./Drivers/STM32F1xx_HAL_Driver/Src/stm32f1xx_hal.o
                0x000000000800123c                HAL_InitTick
 .text.HAL_IncTick
                0x000000000800129c       0x24 ./Drivers/STM32F1xx_HAL_Driver/Src/stm32f1xx_hal.o
                0x000000000800129c                HAL_IncTick
 .text.HAL_GetTick
                0x00000000080012c0       0x14 ./Drivers/STM32F1xx_HAL_Driver/Src/stm32f1xx_hal.o
                0x00000000080012c0                HAL_GetTick
 .text.__NVIC_SetPriorityGrouping
                0x00000000080012d4       0x48 ./Drivers/STM32F1xx_HAL_Driver/Src/stm32f1xx_hal_cortex.o
 .text.__NVIC_GetPriorityGrouping
                0x000000000800131c       0x1c ./Drivers/STM32F1xx_HAL_Driver/Src/stm32f1xx_hal_cortex.o
 .text.__NVIC_EnableIRQ
                0x0000000008001338       0x38 ./Drivers/STM32F1xx_HAL_Driver/Src/stm32f1xx_hal_cortex.o
 .text.__NVIC_SetPriority
                0x0000000008001370       0x54 ./Drivers/STM32F1xx_HAL_Driver/Src/stm32f1xx_hal_cortex.o
 .text.NVIC_EncodePriority
                0x00000000080013c4       0x64 ./Drivers/STM32F1xx_HAL_Driver/Src/stm32f1xx_hal_cortex.o
 .text.SysTick_Config
                0x0000000008001428       0x44 ./Drivers/STM32F1xx_HAL_Driver/Src/stm32f1xx_hal_cortex.o
 .text.HAL_NVIC_SetPriorityGrouping
                0x000000000800146c       0x16 ./Drivers/STM32F1xx_HAL_Driver/Src/stm32f1xx_hal_cortex.o
                0x000000000800146c                HAL_NVIC_SetPriorityGrouping
 .text.HAL_NVIC_SetPriority
                0x0000000008001482       0x38 ./Drivers/STM32F1xx_HAL_Driver/Src/stm32f1xx_hal_cortex.o
                0x0000000008001482                HAL_NVIC_SetPriority
 .text.HAL_NVIC_EnableIRQ
                0x00000000080014ba       0x1c ./Drivers/STM32F1xx_HAL_Driver/Src/stm32f1xx_hal_cortex.o
                0x00000000080014ba                HAL_NVIC_EnableIRQ
 .text.HAL_SYSTICK_Config
                0x00000000080014d6       0x18 ./Drivers/STM32F1xx_HAL_Driver/Src/stm32f1xx_hal_cortex.o
                0x00000000080014d6                HAL_SYSTICK_Config
 *fill*         0x00000000080014ee        0x2 
 .text.HAL_GPIO_Init
                0x00000000080014f0      0x2f4 ./Drivers/STM32F1xx_HAL_Driver/Src/stm32f1xx_hal_gpio.o
                0x00000000080014f0                HAL_GPIO_Init
 .text.HAL_GPIO_ReadPin
                0x00000000080017e4       0x2e ./Drivers/STM32F1xx_HAL_Driver/Src/stm32f1xx_hal_gpio.o
                0x00000000080017e4                HAL_GPIO_ReadPin
 .text.HAL_GPIO_WritePin
                0x0000000008001812       0x30 ./Drivers/STM32F1xx_HAL_Driver/Src/stm32f1xx_hal_gpio.o
                0x0000000008001812                HAL_GPIO_WritePin
 .text.HAL_GPIO_TogglePin
                0x0000000008001842       0x32 ./Drivers/STM32F1xx_HAL_Driver/Src/stm32f1xx_hal_gpio.o
                0x0000000008001842                HAL_GPIO_TogglePin
 .text.HAL_RCC_OscConfig
                0x0000000008001874      0x500 ./Drivers/STM32F1xx_HAL_Driver/Src/stm32f1xx_hal_rcc.o
                0x0000000008001874                HAL_RCC_OscConfig
 .text.HAL_RCC_ClockConfig
                0x0000000008001d74      0x1d4 ./Drivers/STM32F1xx_HAL_Driver/Src/stm32f1xx_hal_rcc.o
                0x0000000008001d74                HAL_RCC_ClockConfig
 .text.HAL_RCC_GetSysClockFreq
                0x0000000008001f48       0xa8 ./Drivers/STM32F1xx_HAL_Driver/Src/stm32f1xx_hal_rcc.o
                0x0000000008001f48                HAL_RCC_GetSysClockFreq
 .text.RCC_Delay
                0x0000000008001ff0       0x3c ./Drivers/STM32F1xx_HAL_Driver/Src/stm32f1xx_hal_rcc.o
 .text.HAL_TIM_Base_Init
                0x000000000800202c       0x9e ./Drivers/STM32F1xx_HAL_Driver/Src/stm32f1xx_hal_tim.o
                0x000000000800202c                HAL_TIM_Base_Init
 *fill*         0x00000000080020ca        0x2 
 .text.HAL_TIM_Base_Start_IT
                0x00000000080020cc       0x98 ./Drivers/STM32F1xx_HAL_Driver/Src/stm32f1xx_hal_tim.o
                0x00000000080020cc                HAL_TIM_Base_Start_IT
 .text.HAL_TIM_IRQHandler
                0x0000000008002164      0x210 ./Drivers/STM32F1xx_HAL_Driver/Src/stm32f1xx_hal_tim.o
                0x0000000008002164                HAL_TIM_IRQHandler
 .text.HAL_TIM_ConfigClockSource
                0x0000000008002374      0x18e ./Drivers/STM32F1xx_HAL_Driver/Src/stm32f1xx_hal_tim.o
                0x0000000008002374                HAL_TIM_ConfigClockSource
 .text.HAL_TIM_OC_DelayElapsedCallback
                0x0000000008002502       0x12 ./Drivers/STM32F1xx_HAL_Driver/Src/stm32f1xx_hal_tim.o
                0x0000000008002502                HAL_TIM_OC_DelayElapsedCallback
 .text.HAL_TIM_IC_CaptureCallback
                0x0000000008002514       0x12 ./Drivers/STM32F1xx_HAL_Driver/Src/stm32f1xx_hal_tim.o
                0x0000000008002514                HAL_TIM_IC_CaptureCallback
 .text.HAL_TIM_PWM_PulseFinishedCallback
                0x0000000008002526       0x12 ./Drivers/STM32F1xx_HAL_Driver/Src/stm32f1xx_hal_tim.o
                0x0000000008002526                HAL_TIM_PWM_PulseFinishedCallback
 .text.HAL_TIM_TriggerCallback
                0x0000000008002538       0x12 ./Drivers/STM32F1xx_HAL_Driver/Src/stm32f1xx_hal_tim.o
                0x0000000008002538                HAL_TIM_TriggerCallback
 *fill*         0x000000000800254a        0x2 
 .text.TIM_Base_SetConfig
                0x000000000800254c       0xb0 ./Drivers/STM32F1xx_HAL_Driver/Src/stm32f1xx_hal_tim.o
                0x000000000800254c                TIM_Base_SetConfig
 .text.TIM_TI1_ConfigInputStage
                0x00000000080025fc       0x5c ./Drivers/STM32F1xx_HAL_Driver/Src/stm32f1xx_hal_tim.o
 .text.TIM_TI2_ConfigInputStage
                0x0000000008002658       0x5e ./Drivers/STM32F1xx_HAL_Driver/Src/stm32f1xx_hal_tim.o
 .text.TIM_ITRx_SetConfig
                0x00000000080026b6       0x34 ./Drivers/STM32F1xx_HAL_Driver/Src/stm32f1xx_hal_tim.o
 .text.TIM_ETR_SetConfig
                0x00000000080026ea       0x3e ./Drivers/STM32F1xx_HAL_Driver/Src/stm32f1xx_hal_tim.o
                0x00000000080026ea                TIM_ETR_SetConfig
 .text.HAL_TIMEx_MasterConfigSynchronization
                0x0000000008002728       0xb0 ./Drivers/STM32F1xx_HAL_Driver/Src/stm32f1xx_hal_tim_ex.o
                0x0000000008002728                HAL_TIMEx_MasterConfigSynchronization
 .text.HAL_TIMEx_CommutCallback
                0x00000000080027d8       0x12 ./Drivers/STM32F1xx_HAL_Driver/Src/stm32f1xx_hal_tim_ex.o
                0x00000000080027d8                HAL_TIMEx_CommutCallback
 .text.HAL_TIMEx_BreakCallback
                0x00000000080027ea       0x12 ./Drivers/STM32F1xx_HAL_Driver/Src/stm32f1xx_hal_tim_ex.o
                0x00000000080027ea                HAL_TIMEx_BreakCallback
 .text.__libc_init_array
                0x00000000080027fc       0x48 c:/st/stm32cubeide_1.7.0/stm32cubeide/plugins/com.st.stm32cube.ide.mcu.externaltools.gnu-tools-for-stm32.9-2020-q2-update.win32_2.0.0.202105311346/tools/bin/../lib/gcc/arm-none-eabi/9.3.1/../../../../arm-none-eabi/lib/thumb/v7-m/nofp\libc_nano.a(lib_a-init.o)
                0x00000000080027fc                __libc_init_array
 .text.memset   0x0000000008002844       0x10 c:/st/stm32cubeide_1.7.0/stm32cubeide/plugins/com.st.stm32cube.ide.mcu.externaltools.gnu-tools-for-stm32.9-2020-q2-update.win32_2.0.0.202105311346/tools/bin/../lib/gcc/arm-none-eabi/9.3.1/../../../../arm-none-eabi/lib/thumb/v7-m/nofp\libc_nano.a(lib_a-memset.o)
                0x0000000008002844                memset
 *(.glue_7)
 .glue_7        0x0000000008002854        0x0 linker stubs
 *(.glue_7t)
 .glue_7t       0x0000000008002854        0x0 linker stubs
 *(.eh_frame)
 .eh_frame      0x0000000008002854        0x0 c:/st/stm32cubeide_1.7.0/stm32cubeide/plugins/com.st.stm32cube.ide.mcu.externaltools.gnu-tools-for-stm32.9-2020-q2-update.win32_2.0.0.202105311346/tools/bin/../lib/gcc/arm-none-eabi/9.3.1/thumb/v7-m/nofp/crtbegin.o
 *(.init)
 .init          0x0000000008002854        0x4 c:/st/stm32cubeide_1.7.0/stm32cubeide/plugins/com.st.stm32cube.ide.mcu.externaltools.gnu-tools-for-stm32.9-2020-q2-update.win32_2.0.0.202105311346/tools/bin/../lib/gcc/arm-none-eabi/9.3.1/thumb/v7-m/nofp/crti.o
                0x0000000008002854                _init
 .init          0x0000000008002858        0x8 c:/st/stm32cubeide_1.7.0/stm32cubeide/plugins/com.st.stm32cube.ide.mcu.externaltools.gnu-tools-for-stm32.9-2020-q2-update.win32_2.0.0.202105311346/tools/bin/../lib/gcc/arm-none-eabi/9.3.1/thumb/v7-m/nofp/crtn.o
 *(.fini)
 .fini          0x0000000008002860        0x4 c:/st/stm32cubeide_1.7.0/stm32cubeide/plugins/com.st.stm32cube.ide.mcu.externaltools.gnu-tools-for-stm32.9-2020-q2-update.win32_2.0.0.202105311346/tools/bin/../lib/gcc/arm-none-eabi/9.3.1/thumb/v7-m/nofp/crti.o
                0x0000000008002860                _fini
 .fini          0x0000000008002864        0x8 c:/st/stm32cubeide_1.7.0/stm32cubeide/plugins/com.st.stm32cube.ide.mcu.externaltools.gnu-tools-for-stm32.9-2020-q2-update.win32_2.0.0.202105311346/tools/bin/../lib/gcc/arm-none-eabi/9.3.1/thumb/v7-m/nofp/crtn.o
                0x000000000800286c                . = ALIGN (0x4)
                0x000000000800286c                _etext = .

.vfp11_veneer   0x000000000800286c        0x0
 .vfp11_veneer  0x000000000800286c        0x0 linker stubs

.v4_bx          0x000000000800286c        0x0
 .v4_bx         0x000000000800286c        0x0 linker stubs

.iplt           0x000000000800286c        0x0
 .iplt          0x000000000800286c        0x0 c:/st/stm32cubeide_1.7.0/stm32cubeide/plugins/com.st.stm32cube.ide.mcu.externaltools.gnu-tools-for-stm32.9-2020-q2-update.win32_2.0.0.202105311346/tools/bin/../lib/gcc/arm-none-eabi/9.3.1/thumb/v7-m/nofp/crtbegin.o

.rodata         0x000000000800286c       0x30
                0x000000000800286c                . = ALIGN (0x4)
 *(.rodata)
 .rodata        0x000000000800286c        0xa ./Core/Src/display7SEG.o
 *(.rodata*)
 *fill*         0x0000000008002876        0x2 
 .rodata.AHBPrescTable
                0x0000000008002878       0x10 ./Core/Src/system_stm32f1xx.o
                0x0000000008002878                AHBPrescTable
 .rodata.aPLLMULFactorTable.6032
                0x0000000008002888       0x10 ./Drivers/STM32F1xx_HAL_Driver/Src/stm32f1xx_hal_rcc.o
 .rodata.aPredivFactorTable.6033
                0x0000000008002898        0x2 ./Drivers/STM32F1xx_HAL_Driver/Src/stm32f1xx_hal_rcc.o
                0x000000000800289c                . = ALIGN (0x4)
 *fill*         0x000000000800289a        0x2 

.rel.dyn        0x000000000800289c        0x0
 .rel.iplt      0x000000000800289c        0x0 c:/st/stm32cubeide_1.7.0/stm32cubeide/plugins/com.st.stm32cube.ide.mcu.externaltools.gnu-tools-for-stm32.9-2020-q2-update.win32_2.0.0.202105311346/tools/bin/../lib/gcc/arm-none-eabi/9.3.1/thumb/v7-m/nofp/crtbegin.o

.ARM.extab      0x000000000800289c        0x0
                0x000000000800289c                . = ALIGN (0x4)
 *(.ARM.extab* .gnu.linkonce.armextab.*)
                0x000000000800289c                . = ALIGN (0x4)

.ARM            0x000000000800289c        0x0
                0x000000000800289c                . = ALIGN (0x4)
                0x000000000800289c                __exidx_start = .
 *(.ARM.exidx*)
                0x000000000800289c                __exidx_end = .
                0x000000000800289c                . = ALIGN (0x4)

.preinit_array  0x000000000800289c        0x0
                0x000000000800289c                . = ALIGN (0x4)
                0x000000000800289c                PROVIDE (__preinit_array_start = .)
 *(.preinit_array*)
                0x000000000800289c                PROVIDE (__preinit_array_end = .)
                0x000000000800289c                . = ALIGN (0x4)

.init_array     0x000000000800289c        0x4
                0x000000000800289c                . = ALIGN (0x4)
                0x000000000800289c                PROVIDE (__init_array_start = .)
 *(SORT_BY_NAME(.init_array.*))
 *(.init_array*)
 .init_array    0x000000000800289c        0x4 c:/st/stm32cubeide_1.7.0/stm32cubeide/plugins/com.st.stm32cube.ide.mcu.externaltools.gnu-tools-for-stm32.9-2020-q2-update.win32_2.0.0.202105311346/tools/bin/../lib/gcc/arm-none-eabi/9.3.1/thumb/v7-m/nofp/crtbegin.o
                0x00000000080028a0                PROVIDE (__init_array_end = .)
                0x00000000080028a0                . = ALIGN (0x4)

.fini_array     0x00000000080028a0        0x4
                0x00000000080028a0                . = ALIGN (0x4)
                [!provide]                        PROVIDE (__fini_array_start = .)
 *(SORT_BY_NAME(.fini_array.*))
 *(.fini_array*)
 .fini_array    0x00000000080028a0        0x4 c:/st/stm32cubeide_1.7.0/stm32cubeide/plugins/com.st.stm32cube.ide.mcu.externaltools.gnu-tools-for-stm32.9-2020-q2-update.win32_2.0.0.202105311346/tools/bin/../lib/gcc/arm-none-eabi/9.3.1/thumb/v7-m/nofp/crtbegin.o
                [!provide]                        PROVIDE (__fini_array_end = .)
                0x00000000080028a4                . = ALIGN (0x4)
                0x00000000080028a4                _sidata = LOADADDR (.data)

.data           0x0000000020000000       0x8c load address 0x00000000080028a4
                0x0000000020000000                . = ALIGN (0x4)
                0x0000000020000000                _sdata = .
 *(.data)
 *(.data*)
 .data.led_buffer_1
                0x0000000020000000       0x10 ./Core/Src/display7SEG.o
                0x0000000020000000                led_buffer_1
 .data.state    0x0000000020000010        0x4 ./Core/Src/global.o
                0x0000000020000010                state
 .data.mode     0x0000000020000014        0x4 ./Core/Src/global.o
                0x0000000020000014                mode
 .data.time_red
                0x0000000020000018        0x4 ./Core/Src/global.o
                0x0000000020000018                time_red
 .data.time_amber
                0x000000002000001c        0x4 ./Core/Src/global.o
                0x000000002000001c                time_amber
 .data.time_green
                0x0000000020000020        0x4 ./Core/Src/global.o
                0x0000000020000020                time_green
 .data.counter_red
                0x0000000020000024        0x4 ./Core/Src/global.o
                0x0000000020000024                counter_red
 .data.counter_amber
                0x0000000020000028        0x4 ./Core/Src/global.o
                0x0000000020000028                counter_amber
 .data.counter_green
                0x000000002000002c        0x4 ./Core/Src/global.o
                0x000000002000002c                counter_green
 .data.countRed1
                0x0000000020000030        0x4 ./Core/Src/global.o
                0x0000000020000030                countRed1
 .data.countAmber1
                0x0000000020000034        0x4 ./Core/Src/global.o
                0x0000000020000034                countAmber1
 .data.countGreen1
                0x0000000020000038        0x4 ./Core/Src/global.o
                0x0000000020000038                countGreen1
 .data.countRed2
                0x000000002000003c        0x4 ./Core/Src/global.o
                0x000000002000003c                countRed2
 .data.countAmber2
                0x0000000020000040        0x4 ./Core/Src/global.o
                0x0000000020000040                countAmber2
 .data.countGreen2
                0x0000000020000044        0x4 ./Core/Src/global.o
                0x0000000020000044                countGreen2
 .data.KeyReg0  0x0000000020000048        0x4 ./Core/Src/input_reading.o
                0x0000000020000048                KeyReg0
 .data.KeyReg1  0x000000002000004c        0x4 ./Core/Src/input_reading.o
                0x000000002000004c                KeyReg1
 .data.KeyReg2  0x0000000020000050        0x4 ./Core/Src/input_reading.o
                0x0000000020000050                KeyReg2
 .data.KeyReg3  0x0000000020000054        0x4 ./Core/Src/input_reading.o
                0x0000000020000054                KeyReg3
 .data.KeyReg01
                0x0000000020000058        0x4 ./Core/Src/input_reading.o
                0x0000000020000058                KeyReg01
 .data.KeyReg11
                0x000000002000005c        0x4 ./Core/Src/input_reading.o
                0x000000002000005c                KeyReg11
 .data.KeyReg21
                0x0000000020000060        0x4 ./Core/Src/input_reading.o
                0x0000000020000060                KeyReg21
 .data.KeyReg31
                0x0000000020000064        0x4 ./Core/Src/input_reading.o
                0x0000000020000064                KeyReg31
 .data.KeyReg02
                0x0000000020000068        0x4 ./Core/Src/input_reading.o
                0x0000000020000068                KeyReg02
 .data.KeyReg12
                0x000000002000006c        0x4 ./Core/Src/input_reading.o
                0x000000002000006c                KeyReg12
 .data.KeyReg22
                0x0000000020000070        0x4 ./Core/Src/input_reading.o
                0x0000000020000070                KeyReg22
 .data.KeyReg32
                0x0000000020000074        0x4 ./Core/Src/input_reading.o
                0x0000000020000074                KeyReg32
 .data.TimeOutForKeyPress
                0x0000000020000078        0x4 ./Core/Src/input_reading.o
                0x0000000020000078                TimeOutForKeyPress
 .data.timer_cycle
                0x000000002000007c        0x4 ./Core/Src/software_timer.o
                0x000000002000007c                timer_cycle
 .data.SystemCoreClock
                0x0000000020000080        0x4 ./Core/Src/system_stm32f1xx.o
                0x0000000020000080                SystemCoreClock
 .data.uwTickPrio
                0x0000000020000084        0x4 ./Drivers/STM32F1xx_HAL_Driver/Src/stm32f1xx_hal.o
                0x0000000020000084                uwTickPrio
 .data.uwTickFreq
                0x0000000020000088        0x1 ./Drivers/STM32F1xx_HAL_Driver/Src/stm32f1xx_hal.o
                0x0000000020000088                uwTickFreq
 *(.RamFunc)
 *(.RamFunc*)
                0x000000002000008c                . = ALIGN (0x4)
 *fill*         0x0000000020000089        0x3 
                0x000000002000008c                _edata = .

.igot.plt       0x000000002000008c        0x0 load address 0x0000000008002930
 .igot.plt      0x000000002000008c        0x0 c:/st/stm32cubeide_1.7.0/stm32cubeide/plugins/com.st.stm32cube.ide.mcu.externaltools.gnu-tools-for-stm32.9-2020-q2-update.win32_2.0.0.202105311346/tools/bin/../lib/gcc/arm-none-eabi/9.3.1/thumb/v7-m/nofp/crtbegin.o
                0x000000002000008c                . = ALIGN (0x4)

.bss            0x000000002000008c       0xac load address 0x0000000008002930
                0x000000002000008c                _sbss = .
                0x000000002000008c                __bss_start__ = _sbss
 *(.bss)
 .bss           0x000000002000008c       0x1c c:/st/stm32cubeide_1.7.0/stm32cubeide/plugins/com.st.stm32cube.ide.mcu.externaltools.gnu-tools-for-stm32.9-2020-q2-update.win32_2.0.0.202105311346/tools/bin/../lib/gcc/arm-none-eabi/9.3.1/thumb/v7-m/nofp/crtbegin.o
 *(.bss*)
 .bss.led_buffer_2
                0x00000000200000a8       0x10 ./Core/Src/display7SEG.o
                0x00000000200000a8                led_buffer_2
 .bss.index_led
                0x00000000200000b8        0x4 ./Core/Src/display7SEG.o
                0x00000000200000b8                index_led
 .bss.button1_flag
                0x00000000200000bc        0x4 ./Core/Src/input_reading.o
                0x00000000200000bc                button1_flag
 .bss.button2_flag
                0x00000000200000c0        0x4 ./Core/Src/input_reading.o
                0x00000000200000c0                button2_flag
 .bss.button3_flag
                0x00000000200000c4        0x4 ./Core/Src/input_reading.o
                0x00000000200000c4                button3_flag
 .bss.timer1_counter
                0x00000000200000c8        0x4 ./Core/Src/software_timer.o
                0x00000000200000c8                timer1_counter
 .bss.timer2_counter
                0x00000000200000cc        0x4 ./Core/Src/software_timer.o
                0x00000000200000cc                timer2_counter
 .bss.timer3_counter
                0x00000000200000d0        0x4 ./Core/Src/software_timer.o
                0x00000000200000d0                timer3_counter
 .bss.timer4_counter
                0x00000000200000d4        0x4 ./Core/Src/software_timer.o
                0x00000000200000d4                timer4_counter
 .bss.timer1_flag
                0x00000000200000d8        0x4 ./Core/Src/software_timer.o
                0x00000000200000d8                timer1_flag
 .bss.timer2_flag
                0x00000000200000dc        0x4 ./Core/Src/software_timer.o
                0x00000000200000dc                timer2_flag
 .bss.timer3_flag
                0x00000000200000e0        0x4 ./Core/Src/software_timer.o
                0x00000000200000e0                timer3_flag
 .bss.timer4_flag
                0x00000000200000e4        0x4 ./Core/Src/software_timer.o
                0x00000000200000e4                timer4_flag
 *(COMMON)
 COMMON         0x00000000200000e8        0x4 ./Core/Src/global.o
                0x00000000200000e8                current_state
 COMMON         0x00000000200000ec       0x48 ./Core/Src/main.o
                0x00000000200000ec                htim2
 COMMON         0x0000000020000134        0x4 ./Drivers/STM32F1xx_HAL_Driver/Src/stm32f1xx_hal.o
                0x0000000020000134                uwTick
                0x0000000020000138                . = ALIGN (0x4)
                0x0000000020000138                _ebss = .
                0x0000000020000138                __bss_end__ = _ebss

._user_heap_stack
                0x0000000020000138      0x600 load address 0x0000000008002930
                0x0000000020000138                . = ALIGN (0x8)
                [!provide]                        PROVIDE (end = .)
                0x0000000020000138                PROVIDE (_end = .)
                0x0000000020000338                . = (. + _Min_Heap_Size)
 *fill*         0x0000000020000138      0x200 
                0x0000000020000738                . = (. + _Min_Stack_Size)
 *fill*         0x0000000020000338      0x400 
                0x0000000020000738                . = ALIGN (0x8)

/DISCARD/
 libc.a(*)
 libm.a(*)
 libgcc.a(*)

.ARM.attributes
                0x0000000000000000       0x29
 *(.ARM.attributes)
 .ARM.attributes
                0x0000000000000000       0x1d c:/st/stm32cubeide_1.7.0/stm32cubeide/plugins/com.st.stm32cube.ide.mcu.externaltools.gnu-tools-for-stm32.9-2020-q2-update.win32_2.0.0.202105311346/tools/bin/../lib/gcc/arm-none-eabi/9.3.1/thumb/v7-m/nofp/crti.o
 .ARM.attributes
                0x000000000000001d       0x2d c:/st/stm32cubeide_1.7.0/stm32cubeide/plugins/com.st.stm32cube.ide.mcu.externaltools.gnu-tools-for-stm32.9-2020-q2-update.win32_2.0.0.202105311346/tools/bin/../lib/gcc/arm-none-eabi/9.3.1/thumb/v7-m/nofp/crtbegin.o
 .ARM.attributes
                0x000000000000004a       0x2d ./Core/Src/display7SEG.o
 .ARM.attributes
                0x0000000000000077       0x2d ./Core/Src/fsm_mode1.o
 .ARM.attributes
                0x00000000000000a4       0x2d ./Core/Src/fsm_mode2.o
 .ARM.attributes
                0x00000000000000d1       0x2d ./Core/Src/fsm_mode3.o
 .ARM.attributes
                0x00000000000000fe       0x2d ./Core/Src/fsm_mode4.o
 .ARM.attributes
                0x000000000000012b       0x2d ./Core/Src/global.o
 .ARM.attributes
                0x0000000000000158       0x2d ./Core/Src/input_reading.o
 .ARM.attributes
                0x0000000000000185       0x2d ./Core/Src/main.o
 .ARM.attributes
                0x00000000000001b2       0x2d ./Core/Src/software_timer.o
 .ARM.attributes
                0x00000000000001df       0x2d ./Core/Src/stm32f1xx_hal_msp.o
 .ARM.attributes
                0x000000000000020c       0x2d ./Core/Src/stm32f1xx_it.o
 .ARM.attributes
                0x0000000000000239       0x2d ./Core/Src/system_stm32f1xx.o
 .ARM.attributes
                0x0000000000000266       0x21 ./Core/Startup/startup_stm32f103c6ux.o
 .ARM.attributes
                0x0000000000000287       0x2d ./Drivers/STM32F1xx_HAL_Driver/Src/stm32f1xx_hal.o
 .ARM.attributes
                0x00000000000002b4       0x2d ./Drivers/STM32F1xx_HAL_Driver/Src/stm32f1xx_hal_cortex.o
 .ARM.attributes
                0x00000000000002e1       0x2d ./Drivers/STM32F1xx_HAL_Driver/Src/stm32f1xx_hal_gpio.o
 .ARM.attributes
                0x000000000000030e       0x2d ./Drivers/STM32F1xx_HAL_Driver/Src/stm32f1xx_hal_rcc.o
 .ARM.attributes
                0x000000000000033b       0x2d ./Drivers/STM32F1xx_HAL_Driver/Src/stm32f1xx_hal_tim.o
 .ARM.attributes
                0x0000000000000368       0x2d ./Drivers/STM32F1xx_HAL_Driver/Src/stm32f1xx_hal_tim_ex.o
 .ARM.attributes
                0x0000000000000395       0x2d c:/st/stm32cubeide_1.7.0/stm32cubeide/plugins/com.st.stm32cube.ide.mcu.externaltools.gnu-tools-for-stm32.9-2020-q2-update.win32_2.0.0.202105311346/tools/bin/../lib/gcc/arm-none-eabi/9.3.1/../../../../arm-none-eabi/lib/thumb/v7-m/nofp\libc_nano.a(lib_a-init.o)
 .ARM.attributes
                0x00000000000003c2       0x2d c:/st/stm32cubeide_1.7.0/stm32cubeide/plugins/com.st.stm32cube.ide.mcu.externaltools.gnu-tools-for-stm32.9-2020-q2-update.win32_2.0.0.202105311346/tools/bin/../lib/gcc/arm-none-eabi/9.3.1/../../../../arm-none-eabi/lib/thumb/v7-m/nofp\libc_nano.a(lib_a-memset.o)
 .ARM.attributes
                0x00000000000003ef       0x1d c:/st/stm32cubeide_1.7.0/stm32cubeide/plugins/com.st.stm32cube.ide.mcu.externaltools.gnu-tools-for-stm32.9-2020-q2-update.win32_2.0.0.202105311346/tools/bin/../lib/gcc/arm-none-eabi/9.3.1/thumb/v7-m/nofp/crtn.o
OUTPUT(LAB3_EX.elf elf32-littlearm)
LOAD linker stubs
LOAD c:/st/stm32cubeide_1.7.0/stm32cubeide/plugins/com.st.stm32cube.ide.mcu.externaltools.gnu-tools-for-stm32.9-2020-q2-update.win32_2.0.0.202105311346/tools/bin/../lib/gcc/arm-none-eabi/9.3.1/../../../../arm-none-eabi/lib/thumb/v7-m/nofp\libc.a
LOAD c:/st/stm32cubeide_1.7.0/stm32cubeide/plugins/com.st.stm32cube.ide.mcu.externaltools.gnu-tools-for-stm32.9-2020-q2-update.win32_2.0.0.202105311346/tools/bin/../lib/gcc/arm-none-eabi/9.3.1/../../../../arm-none-eabi/lib/thumb/v7-m/nofp\libm.a
LOAD c:/st/stm32cubeide_1.7.0/stm32cubeide/plugins/com.st.stm32cube.ide.mcu.externaltools.gnu-tools-for-stm32.9-2020-q2-update.win32_2.0.0.202105311346/tools/bin/../lib/gcc/arm-none-eabi/9.3.1/thumb/v7-m/nofp\libgcc.a

.debug_info     0x0000000000000000     0xa2d2
 .debug_info    0x0000000000000000      0x453 ./Core/Src/display7SEG.o
 .debug_info    0x0000000000000453      0x353 ./Core/Src/fsm_mode1.o
 .debug_info    0x00000000000007a6      0x338 ./Core/Src/fsm_mode2.o
 .debug_info    0x0000000000000ade      0x338 ./Core/Src/fsm_mode3.o
 .debug_info    0x0000000000000e16      0x338 ./Core/Src/fsm_mode4.o
 .debug_info    0x000000000000114e      0x425 ./Core/Src/global.o
 .debug_info    0x0000000000001573      0x4df ./Core/Src/input_reading.o
 .debug_info    0x0000000000001a52      0xcc7 ./Core/Src/main.o
 .debug_info    0x0000000000002719      0x2e8 ./Core/Src/software_timer.o
 .debug_info    0x0000000000002a01      0xa09 ./Core/Src/stm32f1xx_hal_msp.o
 .debug_info    0x000000000000340a      0x7b9 ./Core/Src/stm32f1xx_it.o
 .debug_info    0x0000000000003bc3      0x2be ./Core/Src/system_stm32f1xx.o
 .debug_info    0x0000000000003e81       0x22 ./Core/Startup/startup_stm32f103c6ux.o
 .debug_info    0x0000000000003ea3      0x74c ./Drivers/STM32F1xx_HAL_Driver/Src/stm32f1xx_hal.o
 .debug_info    0x00000000000045ef      0xbbe ./Drivers/STM32F1xx_HAL_Driver/Src/stm32f1xx_hal_cortex.o
 .debug_info    0x00000000000051ad      0x701 ./Drivers/STM32F1xx_HAL_Driver/Src/stm32f1xx_hal_gpio.o
 .debug_info    0x00000000000058ae      0x893 ./Drivers/STM32F1xx_HAL_Driver/Src/stm32f1xx_hal_rcc.o
 .debug_info    0x0000000000006141     0x2c12 ./Drivers/STM32F1xx_HAL_Driver/Src/stm32f1xx_hal_tim.o
 .debug_info    0x0000000000008d53     0x157f ./Drivers/STM32F1xx_HAL_Driver/Src/stm32f1xx_hal_tim_ex.o

.debug_abbrev   0x0000000000000000     0x1ddf
 .debug_abbrev  0x0000000000000000      0x18a ./Core/Src/display7SEG.o
 .debug_abbrev  0x000000000000018a       0xff ./Core/Src/fsm_mode1.o
 .debug_abbrev  0x0000000000000289       0xf6 ./Core/Src/fsm_mode2.o
 .debug_abbrev  0x000000000000037f       0xf6 ./Core/Src/fsm_mode3.o
 .debug_abbrev  0x0000000000000475       0xf6 ./Core/Src/fsm_mode4.o
 .debug_abbrev  0x000000000000056b      0x10e ./Core/Src/global.o
 .debug_abbrev  0x0000000000000679      0x153 ./Core/Src/input_reading.o
 .debug_abbrev  0x00000000000007cc      0x248 ./Core/Src/main.o
 .debug_abbrev  0x0000000000000a14      0x11f ./Core/Src/software_timer.o
 .debug_abbrev  0x0000000000000b33      0x1b7 ./Core/Src/stm32f1xx_hal_msp.o
 .debug_abbrev  0x0000000000000cea      0x176 ./Core/Src/stm32f1xx_it.o
 .debug_abbrev  0x0000000000000e60      0x14e ./Core/Src/system_stm32f1xx.o
 .debug_abbrev  0x0000000000000fae       0x12 ./Core/Startup/startup_stm32f103c6ux.o
 .debug_abbrev  0x0000000000000fc0      0x1ed ./Drivers/STM32F1xx_HAL_Driver/Src/stm32f1xx_hal.o
 .debug_abbrev  0x00000000000011ad      0x313 ./Drivers/STM32F1xx_HAL_Driver/Src/stm32f1xx_hal_cortex.o
 .debug_abbrev  0x00000000000014c0      0x1e8 ./Drivers/STM32F1xx_HAL_Driver/Src/stm32f1xx_hal_gpio.o
 .debug_abbrev  0x00000000000016a8      0x273 ./Drivers/STM32F1xx_HAL_Driver/Src/stm32f1xx_hal_rcc.o
 .debug_abbrev  0x000000000000191b      0x25e ./Drivers/STM32F1xx_HAL_Driver/Src/stm32f1xx_hal_tim.o
 .debug_abbrev  0x0000000000001b79      0x266 ./Drivers/STM32F1xx_HAL_Driver/Src/stm32f1xx_hal_tim_ex.o

.debug_aranges  0x0000000000000000      0xa98
 .debug_aranges
                0x0000000000000000       0x38 ./Core/Src/display7SEG.o
 .debug_aranges
                0x0000000000000038       0x20 ./Core/Src/fsm_mode1.o
 .debug_aranges
                0x0000000000000058       0x20 ./Core/Src/fsm_mode2.o
 .debug_aranges
                0x0000000000000078       0x20 ./Core/Src/fsm_mode3.o
 .debug_aranges
                0x0000000000000098       0x20 ./Core/Src/fsm_mode4.o
 .debug_aranges
                0x00000000000000b8       0x20 ./Core/Src/global.o
 .debug_aranges
                0x00000000000000d8       0x50 ./Core/Src/input_reading.o
 .debug_aranges
                0x0000000000000128       0x48 ./Core/Src/main.o
 .debug_aranges
                0x0000000000000170       0x40 ./Core/Src/software_timer.o
 .debug_aranges
                0x00000000000001b0       0x30 ./Core/Src/stm32f1xx_hal_msp.o
 .debug_aranges
                0x00000000000001e0       0x68 ./Core/Src/stm32f1xx_it.o
 .debug_aranges
                0x0000000000000248       0x28 ./Core/Src/system_stm32f1xx.o
 .debug_aranges
                0x0000000000000270       0x28 ./Core/Startup/startup_stm32f103c6ux.o
 .debug_aranges
                0x0000000000000298       0xe0 ./Drivers/STM32F1xx_HAL_Driver/Src/stm32f1xx_hal.o
 .debug_aranges
                0x0000000000000378      0x100 ./Drivers/STM32F1xx_HAL_Driver/Src/stm32f1xx_hal_cortex.o
 .debug_aranges
                0x0000000000000478       0x58 ./Drivers/STM32F1xx_HAL_Driver/Src/stm32f1xx_hal_gpio.o
 .debug_aranges
                0x00000000000004d0       0x90 ./Drivers/STM32F1xx_HAL_Driver/Src/stm32f1xx_hal_rcc.o
 .debug_aranges
                0x0000000000000560      0x3d0 ./Drivers/STM32F1xx_HAL_Driver/Src/stm32f1xx_hal_tim.o
 .debug_aranges
                0x0000000000000930      0x168 ./Drivers/STM32F1xx_HAL_Driver/Src/stm32f1xx_hal_tim_ex.o

.debug_ranges   0x0000000000000000      0x970
 .debug_ranges  0x0000000000000000       0x28 ./Core/Src/display7SEG.o
 .debug_ranges  0x0000000000000028       0x10 ./Core/Src/fsm_mode1.o
 .debug_ranges  0x0000000000000038       0x10 ./Core/Src/fsm_mode2.o
 .debug_ranges  0x0000000000000048       0x10 ./Core/Src/fsm_mode3.o
 .debug_ranges  0x0000000000000058       0x10 ./Core/Src/fsm_mode4.o
 .debug_ranges  0x0000000000000068       0x10 ./Core/Src/global.o
 .debug_ranges  0x0000000000000078       0x40 ./Core/Src/input_reading.o
 .debug_ranges  0x00000000000000b8       0x38 ./Core/Src/main.o
 .debug_ranges  0x00000000000000f0       0x30 ./Core/Src/software_timer.o
 .debug_ranges  0x0000000000000120       0x20 ./Core/Src/stm32f1xx_hal_msp.o
 .debug_ranges  0x0000000000000140       0x58 ./Core/Src/stm32f1xx_it.o
 .debug_ranges  0x0000000000000198       0x18 ./Core/Src/system_stm32f1xx.o
 .debug_ranges  0x00000000000001b0       0x20 ./Core/Startup/startup_stm32f103c6ux.o
 .debug_ranges  0x00000000000001d0       0xd0 ./Drivers/STM32F1xx_HAL_Driver/Src/stm32f1xx_hal.o
 .debug_ranges  0x00000000000002a0       0xf0 ./Drivers/STM32F1xx_HAL_Driver/Src/stm32f1xx_hal_cortex.o
 .debug_ranges  0x0000000000000390       0x48 ./Drivers/STM32F1xx_HAL_Driver/Src/stm32f1xx_hal_gpio.o
 .debug_ranges  0x00000000000003d8       0x80 ./Drivers/STM32F1xx_HAL_Driver/Src/stm32f1xx_hal_rcc.o
 .debug_ranges  0x0000000000000458      0x3c0 ./Drivers/STM32F1xx_HAL_Driver/Src/stm32f1xx_hal_tim.o
 .debug_ranges  0x0000000000000818      0x158 ./Drivers/STM32F1xx_HAL_Driver/Src/stm32f1xx_hal_tim_ex.o

.debug_macro    0x0000000000000000    0x17229
 .debug_macro   0x0000000000000000      0x1e0 ./Core/Src/display7SEG.o
 .debug_macro   0x00000000000001e0      0xa9c ./Core/Src/display7SEG.o
 .debug_macro   0x0000000000000c7c      0x215 ./Core/Src/display7SEG.o
 .debug_macro   0x0000000000000e91       0x2e ./Core/Src/display7SEG.o
 .debug_macro   0x0000000000000ebf       0x22 ./Core/Src/display7SEG.o
 .debug_macro   0x0000000000000ee1       0x22 ./Core/Src/display7SEG.o
 .debug_macro   0x0000000000000f03       0x8e ./Core/Src/display7SEG.o
 .debug_macro   0x0000000000000f91       0x51 ./Core/Src/display7SEG.o
 .debug_macro   0x0000000000000fe2      0x103 ./Core/Src/display7SEG.o
 .debug_macro   0x00000000000010e5       0x6a ./Core/Src/display7SEG.o
 .debug_macro   0x000000000000114f      0x1df ./Core/Src/display7SEG.o
 .debug_macro   0x000000000000132e       0x1c ./Core/Src/display7SEG.o
 .debug_macro   0x000000000000134a       0x22 ./Core/Src/display7SEG.o
 .debug_macro   0x000000000000136c       0xc3 ./Core/Src/display7SEG.o
 .debug_macro   0x000000000000142f      0xd23 ./Core/Src/display7SEG.o
 .debug_macro   0x0000000000002152     0xde75 ./Core/Src/display7SEG.o
 .debug_macro   0x000000000000ffc7       0x6d ./Core/Src/display7SEG.o
 .debug_macro   0x0000000000010034     0x348d ./Core/Src/display7SEG.o
 .debug_macro   0x00000000000134c1      0x174 ./Core/Src/display7SEG.o
 .debug_macro   0x0000000000013635       0x5c ./Core/Src/display7SEG.o
 .debug_macro   0x0000000000013691      0x5bc ./Core/Src/display7SEG.o
 .debug_macro   0x0000000000013c4d      0x1b7 ./Core/Src/display7SEG.o
 .debug_macro   0x0000000000013e04      0x1cb ./Core/Src/display7SEG.o
 .debug_macro   0x0000000000013fcf      0x114 ./Core/Src/display7SEG.o
 .debug_macro   0x00000000000140e3      0x1b2 ./Core/Src/display7SEG.o
 .debug_macro   0x0000000000014295       0x27 ./Core/Src/display7SEG.o
 .debug_macro   0x00000000000142bc      0x12f ./Core/Src/display7SEG.o
 .debug_macro   0x00000000000143eb      0x1bc ./Core/Src/display7SEG.o
 .debug_macro   0x00000000000145a7       0x34 ./Core/Src/display7SEG.o
 .debug_macro   0x00000000000145db       0x3c ./Core/Src/display7SEG.o
 .debug_macro   0x0000000000014617       0x57 ./Core/Src/display7SEG.o
 .debug_macro   0x000000000001466e       0x87 ./Core/Src/display7SEG.o
 .debug_macro   0x00000000000146f5      0x183 ./Core/Src/display7SEG.o
 .debug_macro   0x0000000000014878      0x140 ./Core/Src/display7SEG.o
 .debug_macro   0x00000000000149b8      0x8ed ./Core/Src/display7SEG.o
 .debug_macro   0x00000000000152a5       0x69 ./Core/Src/display7SEG.o
 .debug_macro   0x000000000001530e       0xa0 ./Core/Src/display7SEG.o
 .debug_macro   0x00000000000153ae       0x10 ./Core/Src/display7SEG.o
 .debug_macro   0x00000000000153be       0x3a ./Core/Src/display7SEG.o
 .debug_macro   0x00000000000153f8      0x1e6 ./Core/Src/fsm_mode1.o
 .debug_macro   0x00000000000155de      0x1e6 ./Core/Src/fsm_mode2.o
 .debug_macro   0x00000000000157c4      0x1e6 ./Core/Src/fsm_mode3.o
 .debug_macro   0x00000000000159aa      0x1e6 ./Core/Src/fsm_mode4.o
 .debug_macro   0x0000000000015b90      0x1dc ./Core/Src/global.o
 .debug_macro   0x0000000000015d6c      0x1e4 ./Core/Src/input_reading.o
 .debug_macro   0x0000000000015f50      0x210 ./Core/Src/main.o
 .debug_macro   0x0000000000016160      0x1b0 ./Core/Src/software_timer.o
 .debug_macro   0x0000000000016310      0x1a6 ./Core/Src/stm32f1xx_hal_msp.o
 .debug_macro   0x00000000000164b6      0x1b0 ./Core/Src/stm32f1xx_it.o
 .debug_macro   0x0000000000016666      0x197 ./Core/Src/system_stm32f1xx.o
 .debug_macro   0x00000000000167fd      0x1bb ./Drivers/STM32F1xx_HAL_Driver/Src/stm32f1xx_hal.o
 .debug_macro   0x00000000000169b8      0x197 ./Drivers/STM32F1xx_HAL_Driver/Src/stm32f1xx_hal_cortex.o
 .debug_macro   0x0000000000016b4f      0x202 ./Drivers/STM32F1xx_HAL_Driver/Src/stm32f1xx_hal_gpio.o
 .debug_macro   0x0000000000016d51      0x1a9 ./Drivers/STM32F1xx_HAL_Driver/Src/stm32f1xx_hal_rcc.o
 .debug_macro   0x0000000000016efa      0x198 ./Drivers/STM32F1xx_HAL_Driver/Src/stm32f1xx_hal_tim.o
 .debug_macro   0x0000000000017092      0x197 ./Drivers/STM32F1xx_HAL_Driver/Src/stm32f1xx_hal_tim_ex.o

.debug_line     0x0000000000000000     0xcdec
 .debug_line    0x0000000000000000      0x812 ./Core/Src/display7SEG.o
 .debug_line    0x0000000000000812      0x751 ./Core/Src/fsm_mode1.o
 .debug_line    0x0000000000000f63      0x703 ./Core/Src/fsm_mode2.o
 .debug_line    0x0000000000001666      0x703 ./Core/Src/fsm_mode3.o
 .debug_line    0x0000000000001d69      0x71b ./Core/Src/fsm_mode4.o
 .debug_line    0x0000000000002484      0x69c ./Core/Src/global.o
 .debug_line    0x0000000000002b20      0x81a ./Core/Src/input_reading.o
 .debug_line    0x000000000000333a      0x809 ./Core/Src/main.o
 .debug_line    0x0000000000003b43      0x72d ./Core/Src/software_timer.o
 .debug_line    0x0000000000004270      0x6a1 ./Core/Src/stm32f1xx_hal_msp.o
 .debug_line    0x0000000000004911      0x73f ./Core/Src/stm32f1xx_it.o
 .debug_line    0x0000000000005050      0x6e3 ./Core/Src/system_stm32f1xx.o
 .debug_line    0x0000000000005733       0x86 ./Core/Startup/startup_stm32f103c6ux.o
 .debug_line    0x00000000000057b9      0x910 ./Drivers/STM32F1xx_HAL_Driver/Src/stm32f1xx_hal.o
 .debug_line    0x00000000000060c9      0xaf8 ./Drivers/STM32F1xx_HAL_Driver/Src/stm32f1xx_hal_cortex.o
 .debug_line    0x0000000000006bc1      0x993 ./Drivers/STM32F1xx_HAL_Driver/Src/stm32f1xx_hal_gpio.o
 .debug_line    0x0000000000007554      0xd1c ./Drivers/STM32F1xx_HAL_Driver/Src/stm32f1xx_hal_rcc.o
 .debug_line    0x0000000000008270     0x3346 ./Drivers/STM32F1xx_HAL_Driver/Src/stm32f1xx_hal_tim.o
 .debug_line    0x000000000000b5b6     0x1836 ./Drivers/STM32F1xx_HAL_Driver/Src/stm32f1xx_hal_tim_ex.o

.debug_str      0x0000000000000000    0x823f1
 .debug_str     0x0000000000000000    0x7f814 ./Core/Src/display7SEG.o
                                      0x7fb57 (size before relaxing)
 .debug_str     0x000000000007f814       0x34 ./Core/Src/fsm_mode1.o
                                      0x7fb04 (size before relaxing)
 .debug_str     0x000000000007f848       0x34 ./Core/Src/fsm_mode2.o
                                      0x7fafe (size before relaxing)
 .debug_str     0x000000000007f87c       0x34 ./Core/Src/fsm_mode3.o
                                      0x7fafe (size before relaxing)
 .debug_str     0x000000000007f8b0       0x34 ./Core/Src/fsm_mode4.o
                                      0x7fafe (size before relaxing)
 .debug_str     0x000000000007f8e4       0x2f ./Core/Src/global.o
                                      0x7faff (size before relaxing)
 .debug_str     0x000000000007f913      0x103 ./Core/Src/input_reading.o
                                      0x7fbd3 (size before relaxing)
 .debug_str     0x000000000007fa16      0x6fb ./Core/Src/main.o
                                      0x802bd (size before relaxing)
 .debug_str     0x0000000000080111       0x9e ./Core/Src/software_timer.o
                                      0x7f985 (size before relaxing)
 .debug_str     0x00000000000801af      0x2ba ./Core/Src/stm32f1xx_hal_msp.o
                                      0x800c5 (size before relaxing)
 .debug_str     0x0000000000080469       0xcd ./Core/Src/stm32f1xx_it.o
                                      0x7fe27 (size before relaxing)
 .debug_str     0x0000000000080536       0x52 ./Core/Src/system_stm32f1xx.o
                                      0x7f6ec (size before relaxing)
 .debug_str     0x0000000000080588       0x36 ./Core/Startup/startup_stm32f103c6ux.o
                                         0x7b (size before relaxing)
 .debug_str     0x00000000000805be      0x304 ./Drivers/STM32F1xx_HAL_Driver/Src/stm32f1xx_hal.o
                                      0x7fd43 (size before relaxing)
 .debug_str     0x00000000000808c2      0x300 ./Drivers/STM32F1xx_HAL_Driver/Src/stm32f1xx_hal_cortex.o
                                      0x7fd4b (size before relaxing)
 .debug_str     0x0000000000080bc2      0x324 ./Drivers/STM32F1xx_HAL_Driver/Src/stm32f1xx_hal_gpio.o
                                      0x7fab0 (size before relaxing)
 .debug_str     0x0000000000080ee6      0x24f ./Drivers/STM32F1xx_HAL_Driver/Src/stm32f1xx_hal_rcc.o
                                      0x7fae9 (size before relaxing)
 .debug_str     0x0000000000081135      0xdce ./Drivers/STM32F1xx_HAL_Driver/Src/stm32f1xx_hal_tim.o
                                      0x80ac2 (size before relaxing)
 .debug_str     0x0000000000081f03      0x4ee ./Drivers/STM32F1xx_HAL_Driver/Src/stm32f1xx_hal_tim_ex.o
                                      0x80273 (size before relaxing)

.comment        0x0000000000000000       0x53
 .comment       0x0000000000000000       0x53 ./Core/Src/display7SEG.o
                                         0x54 (size before relaxing)
 .comment       0x0000000000000053       0x54 ./Core/Src/fsm_mode1.o
 .comment       0x0000000000000053       0x54 ./Core/Src/fsm_mode2.o
 .comment       0x0000000000000053       0x54 ./Core/Src/fsm_mode3.o
 .comment       0x0000000000000053       0x54 ./Core/Src/fsm_mode4.o
 .comment       0x0000000000000053       0x54 ./Core/Src/global.o
 .comment       0x0000000000000053       0x54 ./Core/Src/input_reading.o
 .comment       0x0000000000000053       0x54 ./Core/Src/main.o
 .comment       0x0000000000000053       0x54 ./Core/Src/software_timer.o
 .comment       0x0000000000000053       0x54 ./Core/Src/stm32f1xx_hal_msp.o
 .comment       0x0000000000000053       0x54 ./Core/Src/stm32f1xx_it.o
 .comment       0x0000000000000053       0x54 ./Core/Src/system_stm32f1xx.o
 .comment       0x0000000000000053       0x54 ./Drivers/STM32F1xx_HAL_Driver/Src/stm32f1xx_hal.o
 .comment       0x0000000000000053       0x54 ./Drivers/STM32F1xx_HAL_Driver/Src/stm32f1xx_hal_cortex.o
 .comment       0x0000000000000053       0x54 ./Drivers/STM32F1xx_HAL_Driver/Src/stm32f1xx_hal_gpio.o
 .comment       0x0000000000000053       0x54 ./Drivers/STM32F1xx_HAL_Driver/Src/stm32f1xx_hal_rcc.o
 .comment       0x0000000000000053       0x54 ./Drivers/STM32F1xx_HAL_Driver/Src/stm32f1xx_hal_tim.o
 .comment       0x0000000000000053       0x54 ./Drivers/STM32F1xx_HAL_Driver/Src/stm32f1xx_hal_tim_ex.o

.debug_frame    0x0000000000000000     0x28fc
 .debug_frame   0x0000000000000000       0x9c ./Core/Src/display7SEG.o
 .debug_frame   0x000000000000009c       0x2c ./Core/Src/fsm_mode1.o
 .debug_frame   0x00000000000000c8       0x2c ./Core/Src/fsm_mode2.o
 .debug_frame   0x00000000000000f4       0x2c ./Core/Src/fsm_mode3.o
 .debug_frame   0x0000000000000120       0x2c ./Core/Src/fsm_mode4.o
 .debug_frame   0x000000000000014c       0x2c ./Core/Src/global.o
 .debug_frame   0x0000000000000178       0xec ./Core/Src/input_reading.o
 .debug_frame   0x0000000000000264       0xd4 ./Core/Src/main.o
 .debug_frame   0x0000000000000338       0xd0 ./Core/Src/software_timer.o
 .debug_frame   0x0000000000000408       0x80 ./Core/Src/stm32f1xx_hal_msp.o
 .debug_frame   0x0000000000000488      0x120 ./Core/Src/stm32f1xx_it.o
 .debug_frame   0x00000000000005a8       0x58 ./Core/Src/system_stm32f1xx.o
 .debug_frame   0x0000000000000600      0x334 ./Drivers/STM32F1xx_HAL_Driver/Src/stm32f1xx_hal.o
 .debug_frame   0x0000000000000934      0x428 ./Drivers/STM32F1xx_HAL_Driver/Src/stm32f1xx_hal_cortex.o
 .debug_frame   0x0000000000000d5c      0x14c ./Drivers/STM32F1xx_HAL_Driver/Src/stm32f1xx_hal_gpio.o
 .debug_frame   0x0000000000000ea8      0x218 ./Drivers/STM32F1xx_HAL_Driver/Src/stm32f1xx_hal_rcc.o
 .debug_frame   0x00000000000010c0     0x11b8 ./Drivers/STM32F1xx_HAL_Driver/Src/stm32f1xx_hal_tim.o
 .debug_frame   0x0000000000002278      0x638 ./Drivers/STM32F1xx_HAL_Driver/Src/stm32f1xx_hal_tim_ex.o
 .debug_frame   0x00000000000028b0       0x2c c:/st/stm32cubeide_1.7.0/stm32cubeide/plugins/com.st.stm32cube.ide.mcu.externaltools.gnu-tools-for-stm32.9-2020-q2-update.win32_2.0.0.202105311346/tools/bin/../lib/gcc/arm-none-eabi/9.3.1/../../../../arm-none-eabi/lib/thumb/v7-m/nofp\libc_nano.a(lib_a-init.o)
 .debug_frame   0x00000000000028dc       0x20 c:/st/stm32cubeide_1.7.0/stm32cubeide/plugins/com.st.stm32cube.ide.mcu.externaltools.gnu-tools-for-stm32.9-2020-q2-update.win32_2.0.0.202105311346/tools/bin/../lib/gcc/arm-none-eabi/9.3.1/../../../../arm-none-eabi/lib/thumb/v7-m/nofp\libc_nano.a(lib_a-memset.o)
